2026-05-23 01:40:42,709 bp INFO device=cuda:0, amp=True, cache_ppi=True, kaggle=True
2026-05-23 01:40:42,709 bp INFO epochs=2, batch_size=64, dropout=0.1, lr=0.0001, validate_every=4
2026-05-23 01:40:42,709 bp INFO data_dir=/kaggle/working/CAFA6, cwd=/kaggle/working/CAFA6
2026-05-23 01:41:38,154 bp INFO #########bp###########
2026-05-23 01:41:38,154 bp INFO ########start training###########
2026-05-23 01:41:38,154 bp INFO epoch: 0
2026-05-23 01:41:43,328 bp INFO Epoch 0/2, step 29/132, loss=0.5728
2026-05-23 01:41:46,879 bp INFO Epoch 0/2, step 59/132, loss=0.1532
2026-05-23 01:41:50,363 bp INFO Epoch 0/2, step 89/132, loss=0.1224
2026-05-23 01:41:53,813 bp INFO Epoch 0/2, step 119/132, loss=0.1237
2026-05-23 01:41:55,150 bp INFO epoch: 1
2026-05-23 01:41:59,492 bp INFO Epoch 1/2, step 29/132, loss=0.1151
2026-05-23 01:42:02,876 bp INFO Epoch 1/2, step 59/132, loss=0.1206
2026-05-23 01:42:06,367 bp INFO Epoch 1/2, step 89/132, loss=0.1199
2026-05-23 01:42:09,760 bp INFO Epoch 1/2, step 119/132, loss=0.1224
2026-05-23 01:42:11,112 bp INFO validating
2026-05-23 01:42:11,599 bp INFO valid batch 1/38
2026-05-23 01:42:12,475 bp INFO valid batch 10/38
2026-05-23 01:42:13,394 bp INFO valid batch 20/38
2026-05-23 01:42:14,388 bp INFO valid batch 30/38
2026-05-23 01:42:15,086 bp INFO valid forward done, computing metrics...
2026-05-23 01:42:34,578 bp INFO saved checkpoint: /kaggle/working/CAFA6/save_models/bestmodel_bp_64_0.0001_0.1.pkl
2026-05-23 01:42:34,578 bp INFO ########valid metric###########
2026-05-23 01:42:34,578 bp INFO epoch=1, train_loss=0.1236, valid_loss=0.1224
2026-05-23 01:42:34,578 bp INFO threshold=0.3, f_score=0.27213516053592113, auc=0.810607059419172, recall=0.18155968386362972, precision=0.5430478018143754, aupr=0.302960749827064
2026-05-23 01:42:34,578 bp INFO best_fscore: 0.27213516053592113
2026-05-23 01:42:34,578 bp INFO best_scores[thresh,fmax,recall,precision,auc]: [0.3, 0.27213516053592113, 0.18155968386362972, 0.5430478018143754, np.float64(0.810607059419172)]
2026-05-23 01:42:34,603 bp INFO saved final model: /kaggle/working/CAFA6/save_models/final_bp_64_0.0001_0.1.pkl
2026-05-23 01:42:34,603 bp INFO best_aupr: 0.302960749827064
2026-05-23 01:42:34,603 bp INFO best_score_dict: {0.3: [0.27213516053592113, 0.18155968386362972, 0.5430478018143754, np.float64(0.810607059419172)]}
2026-05-23 06:33:10,495 bp INFO device=cuda:0, amp=True, cache_ppi=True, kaggle=True
2026-05-23 06:33:10,496 bp INFO epochs=15, batch_size=64, dropout=0.1, lr=0.0001, validate_every=3
2026-05-23 06:33:10,496 bp INFO data_dir=/kaggle/working/CAFA6, cwd=/kaggle/working/CAFA6
2026-05-23 06:34:06,861 bp INFO #########bp###########
2026-05-23 06:34:06,861 bp INFO ########start training###########
2026-05-23 06:34:06,861 bp INFO epoch: 0
2026-05-23 06:34:11,840 bp INFO Epoch 0/15, step 29/195, loss=0.6915
2026-05-23 06:34:15,068 bp INFO Epoch 0/15, step 59/195, loss=0.6611
2026-05-23 06:34:18,336 bp INFO Epoch 0/15, step 89/195, loss=0.4010
2026-05-23 06:34:21,494 bp INFO Epoch 0/15, step 119/195, loss=0.0526
2026-05-23 06:34:24,682 bp INFO Epoch 0/15, step 149/195, loss=0.0187
2026-05-23 06:34:27,895 bp INFO Epoch 0/15, step 179/195, loss=0.0219
2026-05-23 06:34:29,370 bp INFO epoch: 1
2026-05-23 06:34:32,762 bp INFO Epoch 1/15, step 29/195, loss=0.0151
2026-05-23 06:34:36,052 bp INFO Epoch 1/15, step 59/195, loss=0.0145
2026-05-23 06:34:39,166 bp INFO Epoch 1/15, step 89/195, loss=0.0185
2026-05-23 06:34:42,303 bp INFO Epoch 1/15, step 119/195, loss=0.0165
2026-05-23 06:34:45,411 bp INFO Epoch 1/15, step 149/195, loss=0.0142
2026-05-23 06:34:48,630 bp INFO Epoch 1/15, step 179/195, loss=0.0138
2026-05-23 06:34:50,108 bp INFO epoch: 2
2026-05-23 06:34:53,354 bp INFO Epoch 2/15, step 29/195, loss=0.0143
2026-05-23 06:34:56,529 bp INFO Epoch 2/15, step 59/195, loss=0.0140
2026-05-23 06:34:59,737 bp INFO Epoch 2/15, step 89/195, loss=0.0155
2026-05-23 06:35:03,008 bp INFO Epoch 2/15, step 119/195, loss=0.0207
2026-05-23 06:35:06,185 bp INFO Epoch 2/15, step 149/195, loss=0.0168
2026-05-23 06:35:09,444 bp INFO Epoch 2/15, step 179/195, loss=0.0168
2026-05-23 06:35:10,951 bp INFO validating
2026-05-23 06:35:11,583 bp INFO valid batch 1/56
2026-05-23 06:35:13,178 bp INFO valid batch 10/56
2026-05-23 06:35:15,157 bp INFO valid batch 20/56
2026-05-23 06:35:17,126 bp INFO valid batch 30/56
2026-05-23 06:35:19,022 bp INFO valid batch 40/56
2026-05-23 06:35:20,895 bp INFO valid batch 50/56
2026-05-23 06:35:21,834 bp INFO valid forward done, computing metrics...
2026-05-23 06:42:16,011 bp INFO saved checkpoint: /kaggle/working/CAFA6/save_models/bestmodel_bp_64_0.0001_0.1.pkl
2026-05-23 06:42:16,012 bp INFO ########valid metric###########
2026-05-23 06:42:16,012 bp INFO epoch=2, train_loss=0.0158, valid_loss=0.0154
2026-05-23 06:42:16,012 bp INFO threshold=0.3, f_score=0.2354969363381452, auc=0.9383636624514196, recall=0.15543515812216563, precision=0.48564232601171914, aupr=0.2521334086616559
2026-05-23 06:42:16,012 bp INFO epoch: 3
2026-05-23 06:42:19,380 bp INFO Epoch 3/15, step 29/195, loss=0.0148
2026-05-23 06:42:22,592 bp INFO Epoch 3/15, step 59/195, loss=0.0173
2026-05-23 06:42:25,823 bp INFO Epoch 3/15, step 89/195, loss=0.0128
2026-05-23 06:42:29,147 bp INFO Epoch 3/15, step 119/195, loss=0.0148
2026-05-23 06:42:32,333 bp INFO Epoch 3/15, step 149/195, loss=0.0158
2026-05-23 06:42:35,550 bp INFO Epoch 3/15, step 179/195, loss=0.0131
2026-05-23 06:42:37,113 bp INFO epoch: 4
2026-05-23 06:42:40,425 bp INFO Epoch 4/15, step 29/195, loss=0.0194
2026-05-23 06:42:43,717 bp INFO Epoch 4/15, step 59/195, loss=0.0140
2026-05-23 06:42:47,009 bp INFO Epoch 4/15, step 89/195, loss=0.0147
2026-05-23 06:42:50,251 bp INFO Epoch 4/15, step 119/195, loss=0.0157
2026-05-23 06:42:53,511 bp INFO Epoch 4/15, step 149/195, loss=0.0178
2026-05-23 06:42:56,790 bp INFO Epoch 4/15, step 179/195, loss=0.0151
2026-05-23 06:42:58,336 bp INFO epoch: 5
2026-05-23 06:43:01,763 bp INFO Epoch 5/15, step 29/195, loss=0.0135
2026-05-23 06:43:04,964 bp INFO Epoch 5/15, step 59/195, loss=0.0116
2026-05-23 06:43:08,247 bp INFO Epoch 5/15, step 89/195, loss=0.0143
2026-05-23 06:43:11,446 bp INFO Epoch 5/15, step 119/195, loss=0.0161
2026-05-23 06:43:14,594 bp INFO Epoch 5/15, step 149/195, loss=0.0172
2026-05-23 06:43:17,831 bp INFO Epoch 5/15, step 179/195, loss=0.0153
2026-05-23 06:43:19,369 bp INFO validating
2026-05-23 06:43:21,037 bp INFO valid batch 1/56
2026-05-23 06:43:22,546 bp INFO valid batch 10/56
2026-05-23 06:43:24,199 bp INFO valid batch 20/56
2026-05-23 06:43:25,893 bp INFO valid batch 30/56
2026-05-23 06:43:27,593 bp INFO valid batch 40/56
2026-05-23 06:43:29,859 bp INFO valid batch 50/56
2026-05-23 06:43:30,732 bp INFO valid forward done, computing metrics...
2026-05-23 06:50:19,429 bp INFO saved checkpoint: /kaggle/working/CAFA6/save_models/bestmodel_bp_64_0.0001_0.1.pkl
2026-05-23 06:50:19,429 bp INFO ########valid metric###########
2026-05-23 06:50:19,430 bp INFO epoch=5, train_loss=0.0154, valid_loss=0.0151
2026-05-23 06:50:19,430 bp INFO threshold=0.3, f_score=0.2599415425006643, auc=0.9437036532386276, recall=0.17971144829704044, precision=0.46958016907866457, aupr=0.26132379056422683
2026-05-23 06:50:19,430 bp INFO epoch: 6
2026-05-23 06:50:22,752 bp INFO Epoch 6/15, step 29/195, loss=0.0135
2026-05-23 06:50:25,944 bp INFO Epoch 6/15, step 59/195, loss=0.0183
2026-05-23 06:50:29,243 bp INFO Epoch 6/15, step 89/195, loss=0.0152
2026-05-23 06:50:32,509 bp INFO Epoch 6/15, step 119/195, loss=0.0147
2026-05-23 06:50:35,759 bp INFO Epoch 6/15, step 149/195, loss=0.0184
2026-05-23 06:50:38,969 bp INFO Epoch 6/15, step 179/195, loss=0.0165
2026-05-23 06:50:40,474 bp INFO epoch: 7
2026-05-23 06:50:43,829 bp INFO Epoch 7/15, step 29/195, loss=0.0158
2026-05-23 06:50:47,114 bp INFO Epoch 7/15, step 59/195, loss=0.0162
2026-05-23 06:50:50,304 bp INFO Epoch 7/15, step 89/195, loss=0.0172
2026-05-23 06:50:53,589 bp INFO Epoch 7/15, step 119/195, loss=0.0148
2026-05-23 06:50:56,793 bp INFO Epoch 7/15, step 149/195, loss=0.0132
2026-05-23 06:50:59,983 bp INFO Epoch 7/15, step 179/195, loss=0.0127
2026-05-23 06:51:01,515 bp INFO epoch: 8
2026-05-23 06:51:04,852 bp INFO Epoch 8/15, step 29/195, loss=0.0132
2026-05-23 06:51:08,063 bp INFO Epoch 8/15, step 59/195, loss=0.0147
2026-05-23 06:51:11,312 bp INFO Epoch 8/15, step 89/195, loss=0.0157
2026-05-23 06:51:14,529 bp INFO Epoch 8/15, step 119/195, loss=0.0147
2026-05-23 06:51:17,690 bp INFO Epoch 8/15, step 149/195, loss=0.0165
2026-05-23 06:51:20,942 bp INFO Epoch 8/15, step 179/195, loss=0.0210
2026-05-23 06:51:22,444 bp INFO validating
2026-05-23 06:51:24,111 bp INFO valid batch 1/56
2026-05-23 06:51:25,612 bp INFO valid batch 10/56
2026-05-23 06:51:27,320 bp INFO valid batch 20/56
2026-05-23 06:51:29,362 bp INFO valid batch 30/56
2026-05-23 06:51:31,009 bp INFO valid batch 40/56
2026-05-23 06:51:32,655 bp INFO valid batch 50/56
2026-05-23 06:51:33,514 bp INFO valid forward done, computing metrics...
2026-05-23 06:58:21,704 bp INFO ########valid metric###########
2026-05-23 06:58:21,710 bp INFO epoch=8, train_loss=0.0152, valid_loss=0.0150
2026-05-23 06:58:21,710 bp INFO threshold=0.3, f_score=0.24125890563763724, auc=0.9445169353189362, recall=0.1547771154700344, precision=0.5467630080198365, aupr=0.27045710326964373
2026-05-23 06:58:21,710 bp INFO epoch: 9
2026-05-23 06:58:24,950 bp INFO Epoch 9/15, step 29/195, loss=0.0138
2026-05-23 06:58:28,234 bp INFO Epoch 9/15, step 59/195, loss=0.0148
2026-05-23 06:58:31,455 bp INFO Epoch 9/15, step 89/195, loss=0.0149
2026-05-23 06:58:34,700 bp INFO Epoch 9/15, step 119/195, loss=0.0159
2026-05-23 06:58:37,914 bp INFO Epoch 9/15, step 149/195, loss=0.0155
2026-05-23 06:58:41,078 bp INFO Epoch 9/15, step 179/195, loss=0.0179
2026-05-23 06:58:42,597 bp INFO epoch: 10
2026-05-23 06:58:45,817 bp INFO Epoch 10/15, step 29/195, loss=0.0136
2026-05-23 06:58:49,062 bp INFO Epoch 10/15, step 59/195, loss=0.0133
2026-05-23 06:58:52,248 bp INFO Epoch 10/15, step 89/195, loss=0.0133
2026-05-23 06:58:55,449 bp INFO Epoch 10/15, step 119/195, loss=0.0164
2026-05-23 06:58:58,673 bp INFO Epoch 10/15, step 149/195, loss=0.0154
2026-05-23 06:59:01,869 bp INFO Epoch 10/15, step 179/195, loss=0.0154
2026-05-23 06:59:03,383 bp INFO epoch: 11
2026-05-23 06:59:06,635 bp INFO Epoch 11/15, step 29/195, loss=0.0156
2026-05-23 06:59:09,798 bp INFO Epoch 11/15, step 59/195, loss=0.0151
2026-05-23 06:59:12,938 bp INFO Epoch 11/15, step 89/195, loss=0.0148
2026-05-23 06:59:16,086 bp INFO Epoch 11/15, step 119/195, loss=0.0151
2026-05-23 06:59:19,290 bp INFO Epoch 11/15, step 149/195, loss=0.0171
2026-05-23 06:59:22,453 bp INFO Epoch 11/15, step 179/195, loss=0.0111
2026-05-23 06:59:23,981 bp INFO validating
2026-05-23 06:59:25,603 bp INFO valid batch 1/56
2026-05-23 06:59:27,155 bp INFO valid batch 10/56
2026-05-23 06:59:28,754 bp INFO valid batch 20/56
2026-05-23 06:59:30,363 bp INFO valid batch 30/56
2026-05-23 06:59:31,988 bp INFO valid batch 40/56
2026-05-23 06:59:33,590 bp INFO valid batch 50/56
2026-05-23 06:59:34,420 bp INFO valid forward done, computing metrics...
2026-05-23 07:06:21,952 bp INFO saved checkpoint: /kaggle/working/CAFA6/save_models/bestmodel_bp_64_0.0001_0.1.pkl
2026-05-23 07:06:21,952 bp INFO ########valid metric###########
2026-05-23 07:06:21,952 bp INFO epoch=11, train_loss=0.0151, valid_loss=0.0149
2026-05-23 07:06:21,953 bp INFO threshold=0.3, f_score=0.27302453198222626, auc=0.9449940559512826, recall=0.1849812732028581, precision=0.5209971118352974, aupr=0.27995349120112933
2026-05-23 07:06:21,953 bp INFO epoch: 12
2026-05-23 07:06:25,354 bp INFO Epoch 12/15, step 29/195, loss=0.0144
2026-05-23 07:06:28,624 bp INFO Epoch 12/15, step 59/195, loss=0.0174
2026-05-23 07:06:31,894 bp INFO Epoch 12/15, step 89/195, loss=0.0155
2026-05-23 07:06:35,167 bp INFO Epoch 12/15, step 119/195, loss=0.0136
2026-05-23 07:06:38,475 bp INFO Epoch 12/15, step 149/195, loss=0.0141
2026-05-23 07:06:41,664 bp INFO Epoch 12/15, step 179/195, loss=0.0121
2026-05-23 07:06:43,228 bp INFO epoch: 13
2026-05-23 07:06:46,514 bp INFO Epoch 13/15, step 29/195, loss=0.0132
2026-05-23 07:06:49,819 bp INFO Epoch 13/15, step 59/195, loss=0.0141
2026-05-23 07:06:52,970 bp INFO Epoch 13/15, step 89/195, loss=0.0148
2026-05-23 07:06:56,131 bp INFO Epoch 13/15, step 119/195, loss=0.0158
2026-05-23 07:06:59,443 bp INFO Epoch 13/15, step 149/195, loss=0.0154
2026-05-23 07:07:02,646 bp INFO Epoch 13/15, step 179/195, loss=0.0122
2026-05-23 07:07:04,152 bp INFO epoch: 14
2026-05-23 07:07:07,502 bp INFO Epoch 14/15, step 29/195, loss=0.0145
2026-05-23 07:07:10,625 bp INFO Epoch 14/15, step 59/195, loss=0.0141
2026-05-23 07:07:13,833 bp INFO Epoch 14/15, step 89/195, loss=0.0151
2026-05-23 07:07:17,085 bp INFO Epoch 14/15, step 119/195, loss=0.0113
2026-05-23 07:07:20,294 bp INFO Epoch 14/15, step 149/195, loss=0.0145
2026-05-23 07:07:23,512 bp INFO Epoch 14/15, step 179/195, loss=0.0149
2026-05-23 07:07:25,039 bp INFO validating
2026-05-23 07:07:26,741 bp INFO valid batch 1/56
2026-05-23 07:07:28,238 bp INFO valid batch 10/56
2026-05-23 07:07:29,907 bp INFO valid batch 20/56
2026-05-23 07:07:31,547 bp INFO valid batch 30/56
2026-05-23 07:07:33,220 bp INFO valid batch 40/56
2026-05-23 07:07:35,518 bp INFO valid batch 50/56
2026-05-23 07:07:36,393 bp INFO valid forward done, computing metrics...
2026-05-23 07:14:22,299 bp INFO saved checkpoint: /kaggle/working/CAFA6/save_models/bestmodel_bp_64_0.0001_0.1.pkl
2026-05-23 07:14:22,299 bp INFO ########valid metric###########
2026-05-23 07:14:22,300 bp INFO epoch=14, train_loss=0.0150, valid_loss=0.0148
2026-05-23 07:14:22,300 bp INFO threshold=0.3, f_score=0.280382786580911, auc=0.9450411986941732, recall=0.19255973107990282, precision=0.5154873752201996, aupr=0.2823005866712034
2026-05-23 07:14:22,300 bp INFO best_fscore: 0.280382786580911
2026-05-23 07:14:22,300 bp INFO best_scores[thresh,fmax,recall,precision,auc]: [0.3, 0.280382786580911, 0.19255973107990282, 0.5154873752201996, np.float64(0.9450411986941732)]
2026-05-23 07:14:22,394 bp INFO saved final model: /kaggle/working/CAFA6/save_models/final_bp_64_0.0001_0.1.pkl
2026-05-23 07:14:22,394 bp INFO best_aupr: 0.2823005866712034
2026-05-23 07:14:22,395 bp INFO best_score_dict: {0.3: [0.280382786580911, 0.19255973107990282, 0.5154873752201996, np.float64(0.9450411986941732)]}
2026-06-06 06:51:20,931 bp INFO device=cuda:0, amp=True, cache_ppi=True, kaggle=True, baseline_parity=False, use_ppi=True, fusion_mode=concat
2026-06-06 06:51:20,932 bp INFO epochs=8, batch_size=64, dropout=0.1, lr=0.0001, validate_every=3, hid=256, convs=3, pool_ratio=0.5
2026-06-06 06:51:20,932 bp INFO data_dir=/kaggle/working/CAFA6, cwd=/kaggle/working
2026-06-06 06:52:32,967 bp INFO #########bp###########
2026-06-06 06:52:32,971 bp INFO ########start training###########
2026-06-06 06:52:32,971 bp INFO epoch: 0
2026-06-06 06:52:38,079 bp INFO Epoch 0/8, step 29/195, loss=0.6923
2026-06-06 06:52:41,299 bp INFO Epoch 0/8, step 59/195, loss=0.6707
2026-06-06 06:52:44,587 bp INFO Epoch 0/8, step 89/195, loss=0.2344
2026-06-06 06:52:47,822 bp INFO Epoch 0/8, step 119/195, loss=0.0485
2026-06-06 06:52:50,978 bp INFO Epoch 0/8, step 149/195, loss=0.0331
2026-06-06 06:52:54,080 bp INFO Epoch 0/8, step 179/195, loss=0.0264
2026-06-06 06:52:55,569 bp INFO epoch: 1
2026-06-06 06:52:58,838 bp INFO Epoch 1/8, step 29/195, loss=0.0276
2026-06-06 06:53:01,952 bp INFO Epoch 1/8, step 59/195, loss=0.0264
2026-06-06 06:53:05,167 bp INFO Epoch 1/8, step 89/195, loss=0.0267
2026-06-06 06:53:08,223 bp INFO Epoch 1/8, step 119/195, loss=0.0220
2026-06-06 06:53:11,250 bp INFO Epoch 1/8, step 149/195, loss=0.0235
2026-06-06 06:53:14,394 bp INFO Epoch 1/8, step 179/195, loss=0.0172
2026-06-06 06:53:15,890 bp INFO epoch: 2
2026-06-06 06:53:19,094 bp INFO Epoch 2/8, step 29/195, loss=0.0210
2026-06-06 06:53:22,233 bp INFO Epoch 2/8, step 59/195, loss=0.0158
2026-06-06 06:53:25,357 bp INFO Epoch 2/8, step 89/195, loss=0.0158
2026-06-06 06:53:28,446 bp INFO Epoch 2/8, step 119/195, loss=0.0146
2026-06-06 06:53:31,508 bp INFO Epoch 2/8, step 149/195, loss=0.0236
2026-06-06 06:53:34,678 bp INFO Epoch 2/8, step 179/195, loss=0.0196
2026-06-06 06:53:36,147 bp INFO validating
2026-06-06 06:53:36,936 bp INFO valid batch 1/56
2026-06-06 06:53:38,640 bp INFO valid batch 10/56
2026-06-06 06:53:40,502 bp INFO valid batch 20/56
2026-06-06 06:53:42,510 bp INFO valid batch 30/56
2026-06-06 06:53:44,552 bp INFO valid batch 40/56
2026-06-06 06:53:46,596 bp INFO valid batch 50/56
2026-06-06 06:53:48,410 bp INFO valid forward done, computing metrics...
2026-06-06 07:00:29,763 bp INFO saved checkpoint: /kaggle/working/CAFA6/save_models/bestmodel_bp_64_0.0001_0.1.pkl
2026-06-06 07:00:29,769 bp INFO ########valid metric###########
2026-06-06 07:00:29,769 bp INFO epoch=2, train_loss=0.0172, valid_loss=0.0159
2026-06-06 07:00:29,770 bp INFO threshold=0.3, f_score=0.23939299839832642, auc=0.9213542521759731, recall=0.1606446624515379, precision=0.4695840346237076, aupr=0.24284323234099997
2026-06-06 07:00:29,770 bp INFO epoch: 3
2026-06-06 07:00:33,075 bp INFO Epoch 3/8, step 29/195, loss=0.0148
2026-06-06 07:00:36,243 bp INFO Epoch 3/8, step 59/195, loss=0.0186
2026-06-06 07:00:39,378 bp INFO Epoch 3/8, step 89/195, loss=0.0130
2026-06-06 07:00:42,603 bp INFO Epoch 3/8, step 119/195, loss=0.0154
2026-06-06 07:00:45,754 bp INFO Epoch 3/8, step 149/195, loss=0.0140
2026-06-06 07:00:48,988 bp INFO Epoch 3/8, step 179/195, loss=0.0163
2026-06-06 07:00:50,456 bp INFO epoch: 4
2026-06-06 07:00:53,704 bp INFO Epoch 4/8, step 29/195, loss=0.0173
2026-06-06 07:00:56,797 bp INFO Epoch 4/8, step 59/195, loss=0.0139
2026-06-06 07:00:59,982 bp INFO Epoch 4/8, step 89/195, loss=0.0174
2026-06-06 07:01:03,108 bp INFO Epoch 4/8, step 119/195, loss=0.0152
2026-06-06 07:01:06,151 bp INFO Epoch 4/8, step 149/195, loss=0.0184
2026-06-06 07:01:09,392 bp INFO Epoch 4/8, step 179/195, loss=0.0170
2026-06-06 07:01:10,807 bp INFO epoch: 5
2026-06-06 07:01:13,956 bp INFO Epoch 5/8, step 29/195, loss=0.0176
2026-06-06 07:01:17,097 bp INFO Epoch 5/8, step 59/195, loss=0.0161
2026-06-06 07:01:20,298 bp INFO Epoch 5/8, step 89/195, loss=0.0126
2026-06-06 07:01:23,443 bp INFO Epoch 5/8, step 119/195, loss=0.0148
2026-06-06 07:01:26,538 bp INFO Epoch 5/8, step 149/195, loss=0.0155
2026-06-06 07:01:29,718 bp INFO Epoch 5/8, step 179/195, loss=0.0118
2026-06-06 07:01:31,167 bp INFO validating
2026-06-06 07:01:32,836 bp INFO valid batch 1/56
2026-06-06 07:01:34,328 bp INFO valid batch 10/56
2026-06-06 07:01:35,985 bp INFO valid batch 20/56
2026-06-06 07:01:37,701 bp INFO valid batch 30/56
2026-06-06 07:01:39,755 bp INFO valid batch 40/56
2026-06-06 07:01:41,389 bp INFO valid batch 50/56
2026-06-06 07:01:42,258 bp INFO valid forward done, computing metrics...
2026-06-06 07:08:16,072 bp INFO saved checkpoint: /kaggle/working/CAFA6/save_models/bestmodel_bp_64_0.0001_0.1.pkl
2026-06-06 07:08:16,072 bp INFO ########valid metric###########
2026-06-06 07:08:16,073 bp INFO epoch=5, train_loss=0.0157, valid_loss=0.0154
2026-06-06 07:08:16,073 bp INFO threshold=0.3, f_score=0.24884558703127557, auc=0.929526334216344, recall=0.16667123640730647, precision=0.4908512459424105, aupr=0.25501751515708526
2026-06-06 07:08:16,073 bp INFO epoch: 6
2026-06-06 07:08:19,334 bp INFO Epoch 6/8, step 29/195, loss=0.0168
2026-06-06 07:08:22,501 bp INFO Epoch 6/8, step 59/195, loss=0.0194
2026-06-06 07:08:25,614 bp INFO Epoch 6/8, step 89/195, loss=0.0178
2026-06-06 07:08:28,797 bp INFO Epoch 6/8, step 119/195, loss=0.0181
2026-06-06 07:08:31,867 bp INFO Epoch 6/8, step 149/195, loss=0.0173
2026-06-06 07:08:34,998 bp INFO Epoch 6/8, step 179/195, loss=0.0187
2026-06-06 07:08:36,524 bp INFO epoch: 7
2026-06-06 07:08:39,742 bp INFO Epoch 7/8, step 29/195, loss=0.0114
2026-06-06 07:08:42,932 bp INFO Epoch 7/8, step 59/195, loss=0.0126
2026-06-06 07:08:46,055 bp INFO Epoch 7/8, step 89/195, loss=0.0185
2026-06-06 07:08:49,137 bp INFO Epoch 7/8, step 119/195, loss=0.0179
2026-06-06 07:08:52,240 bp INFO Epoch 7/8, step 149/195, loss=0.0157
2026-06-06 07:08:55,347 bp INFO Epoch 7/8, step 179/195, loss=0.0168
2026-06-06 07:08:56,836 bp INFO validating
2026-06-06 07:08:58,553 bp INFO valid batch 1/56
2026-06-06 07:09:00,113 bp INFO valid batch 10/56
2026-06-06 07:09:01,825 bp INFO valid batch 20/56
2026-06-06 07:09:03,466 bp INFO valid batch 30/56
2026-06-06 07:09:05,172 bp INFO valid batch 40/56
2026-06-06 07:09:06,948 bp INFO valid batch 50/56
2026-06-06 07:09:08,591 bp INFO valid forward done, computing metrics...
2026-06-06 07:15:42,597 bp INFO saved checkpoint: /kaggle/working/CAFA6/save_models/bestmodel_bp_64_0.0001_0.1.pkl
2026-06-06 07:15:42,597 bp INFO ########valid metric###########
2026-06-06 07:15:42,597 bp INFO epoch=7, train_loss=0.0156, valid_loss=0.0153
2026-06-06 07:15:42,597 bp INFO threshold=0.3, f_score=0.24978096571601693, auc=0.9303034960571251, recall=0.16727992586052787, precision=0.4928507957023992, aupr=0.255307050304442
2026-06-06 07:15:42,597 bp INFO best_fscore: 0.24978096571601693
2026-06-06 07:15:42,597 bp INFO best_scores[thresh,fmax,recall,precision,auc]: [0.3, 0.24978096571601693, 0.16727992586052787, 0.4928507957023992, 0.9303034960571251]
2026-06-06 07:15:42,814 bp INFO saved final model: /kaggle/working/CAFA6/save_models/final_bp_64_0.0001_0.1.pkl
2026-06-06 07:15:42,814 bp INFO best_aupr: 0.255307050304442
2026-06-06 07:15:42,815 bp INFO best_score_dict: {0.3: [0.24978096571601693, 0.16727992586052787, 0.4928507957023992, 0.9303034960571251]}
